Content-Type: text/x-zim-wiki
Wiki-Format: zim 0.4
Creation-Date: 2012-06-25T19:48:32+08:00

====== MPC8315E-RDB启动输出 ======
Created Monday 25 June 2012


U-Boot 2009.03-rc2 (Aug 04 2012 - 17:31:28) MPC83XX

Reset Status:

CPU:   e300c3, MPC8315, Rev: 1.2 at 400 MHz, CSB: 133.333 MHz
Board: Freescale MPC8315ERDB Rev <unknown>
I2C:   ready
DRAM:  512 MB
FLASH:  8 MB
NAND:  32 MiB
PCIE0: No link
PCIE1: No link
In:    serial
Out:   serial
Err:   serial
Net:   eTSEC0
Hit any key to stop autoboot:  0 
=> tftp 1000000 uImage
Speed: 100, full duplex
Using eTSEC0 device
TFTP from server 192.168.2.102; our IP address is 192.168.2.33
Filename 'uImage'.
Load address: 0x1000000
Loading: #################################################################
         #################################################################
done
Bytes transferred = 1902018 (1d05c2 hex)
=> tftp 2000000 rootfs.ext2.gz.uboot
Speed: 100, full duplex
Using eTSEC0 device
TFTP from server 192.168.2.102; our IP address is 192.168.2.33
Filename 'rootfs.ext2.gz.uboot'.
Load address: 0x2000000
Loading: #################################################################
         #################################################################
         #################################################################
         #################################################################
         #################################################################
         #################################################################
         #################################################################
         #################################################################
         #########
done
Bytes transferred = 7761685 (766f15 hex)
=> tftp c00000 mpc8315.dtb
Speed: 100, full duplex
Using eTSEC0 device
TFTP from server 192.168.2.102; our IP address is 192.168.2.33
Filename 'mpc8315.dtb'.
Load address: 0xc00000
Loading: ##
done
Bytes transferred = 20000 (4e20 hex)
=> bootm 1000000 2000000 c00000
## Booting kernel from Legacy Image at 01000000 ...
   Image Name:   Linux-3.2.4-g390c4dd
   Created:      2012-08-08   8:44:26 UTC
   Image Type:   PowerPC Linux Kernel Image (gzip compressed)
   Data Size:    1901954 Bytes =  1.8 MB
   Load Address: 00000000
   Entry Point:  00000000
   Verifying Checksum ... OK
## Loading init Ramdisk from Legacy Image at 02000000 ...
   Image Name:   uboot ext2 ramdisk rootfs
   Created:      2012-08-08   9:29:42 UTC
   Image Type:   PowerPC Linux RAMDisk Image (gzip compressed)
   Data Size:    7761621 Bytes =  7.4 MB
   Load Address: 00000000
   Entry Point:  00000000
   Verifying Checksum ... OK
## Flattened Device Tree blob at 00c00000
   Booting using the fdt blob at 0xc00000
   Uncompressing Kernel Image ... OK
   Loading Ramdisk to 1f7c2000, end 1ff28ed5 ... OK
   Loading Device Tree to 007f8000, end 007ffe1f ... OK
Using MPC831x RDB machine description
Cannot reserve gpages without hugetlb enabled
Linux version 3.2.4-g390c4dd (geekard@kb310) (gcc version 4.7.1 (GCC) ) #2 Wed Aug 8 16:44:25 CST 2012
Found initrd at 0xdf7c2000:0xdff28ed5
bootconsole [udbg0] enabled
setup_arch: bootmem
mpc831x_rdb_setup_arch()
Found FSL PCI host bridge at 0x00000000e0008500. Firmware bus number: 0->0
PCI host bridge /pci@e0008500 (primary) ranges:
 MEM 0x0000000090000000..0x000000009fffffff -> 0x0000000090000000 
 MEM 0x0000000080000000..0x000000008fffffff -> 0x0000000080000000 Prefetch
  IO 0x00000000e0300000..0x00000000e03fffff -> 0x0000000000000000
arch: exit
Zone PFN ranges:
  DMA      0x00000000 -> 0x00020000
  Normal   empty
Movable zone start PFN for each node
early_node_map[1] active PFN ranges
    0: 0x00000000 -> 0x00020000
Built 1 zonelists in Zone order, mobility grouping on.  Total pages: 130048
Kernel command line: root=/dev/ram rw console=ttyS0,115200 ramdisk_size=22242
PID hash table entries: 2048 (order: 1, 8192 bytes)
Dentry cache hash table entries: 65536 (order: 6, 262144 bytes)
Inode-cache hash table entries: 32768 (order: 5, 131072 bytes)
Memory: 508204k/524288k available (3692k kernel code, 16084k reserved, 136k data, 80k bss, 164k init)
Kernel virtual memory layout:
* 0xfffdf000..0xfffff000  : fixmap
* 0xfdefb000..0xfe000000  : early ioremap
* 0xe1000000..0xfdefb000  : vmalloc & ioremap
NR_IRQS:512 nr_irqs:512 16
IPIC (128 IRQ sources) at e1000700
clocksource: timebase mult[7800001] shift[22] registered
pid_max: default: 32768 minimum: 301
Mount-cache hash table entries: 512
NET: Registered protocol family 16
             
PCI: Probing PCI hardware
bio: create slab <bio-0> at 0
vgaarb: loaded
SCSI subsystem initialized
Switching to clocksource timebase
NET: Registered protocol family 2
IP route cache hash table entries: 4096 (order: 2, 16384 bytes)
TCP established hash table entries: 16384 (order: 5, 131072 bytes)
TCP bind hash table entries: 16384 (order: 4, 65536 bytes)
TCP: Hash tables configured (established 16384 bind 16384)
TCP reno registered
UDP hash table entries: 256 (order: 0, 4096 bytes)
UDP-Lite hash table entries: 256 (order: 0, 4096 bytes)
NET: Registered protocol family 1
RPC: Registered named UNIX socket transport module.
RPC: Registered udp transport module.
RPC: Registered tcp transport module.
RPC: Registered tcp NFSv4.1 backchannel transport module.
Trying to unpack rootfs image as initramfs...
rootfs image is not initramfs (no cpio magic); looks like an initrd
Freeing initrd memory: 7580k freed
WDT driver for MPC8xxx initialized. mode:reset timeout=65535 (32 seconds)
JFFS2 version 2.2. (NAND) �© 2001-2006 Red Hat, Inc.
msgmni has been set to 1007
io scheduler noop registered
io scheduler deadline registered
io scheduler cfq registered (default)
Serial: 8250/16550 driver, 4 ports, IRQ sharing disabled
serial8250.0: ttyS0 at MMIO 0xe0004500 (irq = 16) is a 16550A
console [ttyS0] enabled, bootconsole disabled
console [ttyS0] enabled, bootconsole disabled
serial8250.0: ttyS1 at MMIO 0xe0004600 (irq = 17) is a 16550A
brd: module loaded
loop: module loaded
fsl-sata e0018000.sata: Sata FSL Platform/CSB Driver init
scsi0 : sata_fsl
ata1: SATA max UDMA/133 irq 44
fsl-sata e0019000.sata: Sata FSL Platform/CSB Driver init
scsi1 : sata_fsl
ata2: SATA max UDMA/133 irq 45
fe000000.flash: Found 1 x16 devices at 0x0 in 16-bit bank. Manufacturer ID 0x000001 Chip ID 0x000c01
Amd/Fujitsu Extended Query Table at 0x0040
  Amd/Fujitsu Extended Query version 1.3.
number of CFI chips: 1
4 ofpart partitions found on MTD device fe000000.flash
Creating 4 MTD partitions on "fe000000.flash":
0x000000000000-0x000000100000 : "u-boot"
0x000000100000-0x000000500000 : "fs"
0x000000500000-0x000000700000 : "kernel"
0x000000700000-0x000000800000 : "dtb"
NAND device: Manufacturer ID: 0xec, Chip ID: 0x75 (Samsung NAND 32MiB 3,3V 8-bit)
Bad block table found at page 65504, version 0x01
Bad block table found at page 65472, version 0x01
nand_read_bbt: bad block at 0x0000000a8000
nand_read_bbt: bad block at 0x0000000ac000
nand_read_bbt: bad block at 0x0000000b0000
nand_read_bbt: bad block at 0x0000000b4000
6 ofpart partitions found on MTD device e0600000.flash
Creating 6 MTD partitions on "e0600000.flash":
0x000000000000-0x000000100000 : "U-Boot-NAND"
0x000000100000-0x000000900000 : "JFFS2-NAND"
0x000000900000-0x000000d00000 : "Ramdisk-NAND"
0x000000d00000-0x000001d00000 : "Reserved-NAND"
0x000001d00000-0x000001f00000 : "Kernel-NAND"
0x000001f00000-0x000002000000 : "DTB-NAND"
eLBC NAND device at 0xe0600000, bank 1
Freescale PowerQUICC MII Bus: probed
mdio_bus mdio@e0024520: error probing PHY at address 0
Freescale PowerQUICC MII Bus: probed
fsl-gianfar e0024000.ethernet: eth0: mac: 04:00:00:00:00:0a
fsl-gianfar e0024000.ethernet: eth0: Running with NAPI enabled
fsl-gianfar e0024000.ethernet: eth0: RX BD ring size for Q[0]: 256
fsl-gianfar e0024000.ethernet: eth0: TX BD ring size for Q[0]: 256
fsl-gianfar e0025000.ethernet: eth1: mac: 04:00:00:00:00:0b
fsl-gianfar e0025000.ethernet: eth1: Running with NAPI enabled
fsl-gianfar e0025000.ethernet: eth1: RX BD ring size for Q[0]: 256
fsl-gianfar e0025000.ethernet: eth1: TX BD ring size for Q[0]: 256
i2c /dev entries driver
mpc-i2c e0003000.i2c: timeout 1000000 us
rtc-ds1307 0-0068: SET TIME!
rtc-ds1307 0-0068: rtc core: registered ds1339 as rtc0
TCP cubic registered
NET: Registered protocol family 17
Registering the dns_resolver key type
rtc-ds1307 0-0068: setting system clock to 2000-01-01 00:00:00 UTC (946684800)
ata1: No Device OR PHYRDY change,Hstatus = 0xa0000000
ata1: SATA link down (SStatus 0 SControl 300)
ata2: No Device OR PHYRDY change,Hstatus = 0xa0000000
ata2: SATA link down (SStatus 0 SControl 300)
RAMDISK: gzip image found at block 0
VFS: Mounted root (ext2 filesystem) on device 1:0.
Freeing unused kernel memory: 164k freed
Mounting /proc and /sys 
Starting the hotplug events dispatcher udevd
Synthesizing initial hotplug eveudevd (859): /proc/859/oom_adj is deprecated, please use /proc/859/oom_score_adj instead.
nts
cfg80211: Calling CRDA to update world regulatory domain
cfg80211: World regulatory domain updated:
cfg80211:     (start_freq - end_freq @ bandwidth), (max_antenna_gain, max_eirp)
cfg80211:     (2402000 KHz - 2472000 KHz @ 40000 KHz), (300 mBi, 2000 mBm)
cfg80211:     (2457000 KHz - 2482000 KHz @ 20000 KHz), (300 mBi, 2000 mBm)
cfg80211:     (2474000 KHz - 2494000 KHz @ 20000 KHz), (300 mBi, 2000 mBm)
cfg80211:     (5170000 KHz - 5250000 KHz @ 40000 KHz), (300 mBi, 2000 mBm)
cfg80211:     (5735000 KHz - 5835000 KHz @ 40000 KHz), (300 mBi, 2000 mBm)
ath5k 0000:00:0e.0: registered as 'phy0'
ath5k channel bandwidth setting 10MHz default
VANET-debug: ieee80211_register_hw
VANET-debug: ieee80211_rate_control_ops_get select minstrel_ht
VANET-debug: register vanet network interface
VANET-debug: ieee80211_if_add, name: ath5k%d
ath5k phy0: Atheros AR5414 chip found (MAC: 0xa5, PHY: 0x61)
cfg80211: Calling CRDA for country: US
cfg80211: Regulatory domain changed to country: US
cfg80211:     (start_freq - end_freq @ bandwidth), (max_antenna_gain, max_eirp)
cfg80211:     (2402000 KHz - 2472000 KHz @ 40000 KHz), (300 mBi, 2700 mBm)
cfg80211:     (5170000 KHz - 5250000 KHz @ 40000 KHz), (300 mBi, 1700 mBm)
cfg80211:     (5250000 KHz - 5330000 KHz @ 40000 KHz), (300 mBi, 2000 mBm)
cfg80211:     (5490000 KHz - 5600000 KHz @ 40000 KHz), (300 mBi, 2000 mBm)
cfg80211:     (5650000 KHz - 5710000 KHz @ 40000 KHz), (300 mBi, 2000 mBm)
cfg80211:     (5735000 KHz - 5835000 KHz @ 40000 KHz), (300 mBi, 3000 mBm)
Setting the hostname to mpc8315erdb
Mounting filesystems
mount: mounting usbfs on /proc/bus/usb failed: No such file or directory
Starting syslogd and klogd
Running sysctl
Setting up networking on loopback device: 

Warning: no IPADDR is set, please set this from the ltib
config screen, or directly in /etc/rc.d/rc.conf.
IP address setup bypassed

Setting up networking on eth1: 
Starting inetd: 


        Welcome to the LTIB Embedded Linux Environment

!!!!! WARNING !!!!!!!

The default password for the root account is: root
please change this password using the 'passwd' command
and then edit this message (/etc/issue) to remove this message

mpc8315erdb login: PHY: mdio@e0024520:01 - Link is Up - 100/Full
root
Password: 
[root@mpc8315erdb root]# uname -a
Linux mpc8315erdb 3.2.4-g390c4dd #2 Wed Aug 8 16:44:25 CST 2012 ppc GNU/Linux
[root@mpc8315erdb root]# 
